id: chai_expect_to_node_assert_sinon_not_to_have_always_been_calledGeneric
snapshots:
  expect(spy).not.to.have.always.been.calledWith(303):
    fixed: assert.equal(spy.alwaysCalledWith(303), false)
    labels:
    - source: expect(spy).not.to.have.always.been.calledWith(303)
      style: primary
      start: 0
      end: 51
  expect(spy).not.to.have.always.been.calledWith(303, 808):
    fixed: assert.equal(spy.alwaysCalledWith(303, 808), false)
    labels:
    - source: expect(spy).not.to.have.always.been.calledWith(303, 808)
      style: primary
      start: 0
      end: 56
  expect(spy).not.to.have.always.been.calledWithExactly(303, 808):
    fixed: assert.equal(spy.alwaysCalledWithExactly(303, 808), false)
    labels:
    - source: expect(spy).not.to.have.always.been.calledWithExactly(303, 808)
      style: primary
      start: 0
      end: 63
  expect(spy).not.to.have.always.been.calledWithMatch(exp):
    fixed: assert.equal(spy.alwaysCalledWithMatch(exp), false)
    labels:
    - source: expect(spy).not.to.have.always.been.calledWithMatch(exp)
      style: primary
      start: 0
      end: 56
  expect(spy).to.not.have.always.been.calledWith(303):
    fixed: assert.equal(spy.alwaysCalledWith(303), false)
    labels:
    - source: expect(spy).to.not.have.always.been.calledWith(303)
      style: primary
      start: 0
      end: 51
  expect(spy).to.not.have.always.been.calledWith(303, 808):
    fixed: assert.equal(spy.alwaysCalledWith(303, 808), false)
    labels:
    - source: expect(spy).to.not.have.always.been.calledWith(303, 808)
      style: primary
      start: 0
      end: 56
  expect(spy).to.not.have.always.been.calledWithExactly(303, 808):
    fixed: assert.equal(spy.alwaysCalledWithExactly(303, 808), false)
    labels:
    - source: expect(spy).to.not.have.always.been.calledWithExactly(303, 808)
      style: primary
      start: 0
      end: 63
  expect(spy).to.not.have.always.been.calledWithMatch(exp):
    fixed: assert.equal(spy.alwaysCalledWithMatch(exp), false)
    labels:
    - source: expect(spy).to.not.have.always.been.calledWithMatch(exp)
      style: primary
      start: 0
      end: 56
