id: chai_expect_to_node_assert_sinon_not_calledWith
snapshots:
  expect(foo()).not.to.have.been.calledWith(3, 0, 3):
    fixed: assert.equal(foo().calledWith(3, 0, 3), false)
    labels:
    - source: expect(foo()).not.to.have.been.calledWith(3, 0, 3)
      style: primary
      start: 0
      end: 50
  expect(foo()).to.not.have.been.calledWith(3, 0, 3):
    fixed: assert.equal(foo().calledWith(3, 0, 3), false)
    labels:
    - source: expect(foo()).to.not.have.been.calledWith(3, 0, 3)
      style: primary
      start: 0
      end: 50
  expect(val).not.to.have.been.calledWith(3, 0, 3):
    fixed: assert.equal(val.calledWith(3, 0, 3), false)
    labels:
    - source: expect(val).not.to.have.been.calledWith(3, 0, 3)
      style: primary
      start: 0
      end: 48
  expect(val).to.not.have.been.calledWith(3, 0, 3):
    fixed: assert.equal(val.calledWith(3, 0, 3), false)
    labels:
    - source: expect(val).to.not.have.been.calledWith(3, 0, 3)
      style: primary
      start: 0
      end: 48
