id: chai_expect_to_node_assert_not_to_be_a_promise
snapshots:
  expect(val).not.to.be.a("promise"):
    fixed: assert.equal(val instanceof Promise, false)
    labels:
    - source: expect(val).not.to.be.a("promise")
      style: primary
      start: 0
      end: 34
  expect(val).not.to.be.a('promise'):
    fixed: assert.equal(val instanceof Promise, false)
    labels:
    - source: expect(val).not.to.be.a('promise')
      style: primary
      start: 0
      end: 34
  expect(val).to.not.be.a("promise"):
    fixed: assert.equal(val instanceof Promise, false)
    labels:
    - source: expect(val).to.not.be.a("promise")
      style: primary
      start: 0
      end: 34
  expect(val).to.not.be.a('promise'):
    fixed: assert.equal(val instanceof Promise, false)
    labels:
    - source: expect(val).to.not.be.a('promise')
      style: primary
      start: 0
      end: 34
