id: chai_expect_to_node_assert_to_be_lessThanOrEqual
snapshots:
  expect(fn()).to.be.lessThanOrEqual(303):
    fixed: assert.ok(fn() <= 303)
    labels:
    - source: expect(fn()).to.be.lessThanOrEqual(303)
      style: primary
      start: 0
      end: 39
  expect(val).to.be.lessThanOrEqual(303):
    fixed: assert.ok(val <= 303)
    labels:
    - source: expect(val).to.be.lessThanOrEqual(303)
      style: primary
      start: 0
      end: 38
