id: chai_expect_to_node_assert_not_to_be_lessThan
snapshots:
  expect(fn()).not.to.be.lessThan(303):
    fixed: assert.equal(fn() < 303, false)
    labels:
    - source: expect(fn()).not.to.be.lessThan(303)
      style: primary
      start: 0
      end: 36
  expect(fn()).to.not.be.lessThan(303):
    fixed: assert.equal(fn() < 303, false)
    labels:
    - source: expect(fn()).to.not.be.lessThan(303)
      style: primary
      start: 0
      end: 36
  expect(val).not.to.be.lessThan(303):
    fixed: assert.equal(val < 303, false)
    labels:
    - source: expect(val).not.to.be.lessThan(303)
      style: primary
      start: 0
      end: 35
  expect(val).to.not.be.lessThan(303):
    fixed: assert.equal(val < 303, false)
    labels:
    - source: expect(val).to.not.be.lessThan(303)
      style: primary
      start: 0
      end: 35
