id: should_to_expect_sinon_called
snapshots:
  foo.bar.should.have.been.called:
    fixed: expect(foo.bar).to.have.been.called
    labels:
    - source: foo.bar.should.have.been.called
      style: primary
      start: 0
      end: 31
  foo.should.have.been.called:
    fixed: expect(foo).to.have.been.called
    labels:
    - source: foo.should.have.been.called
      style: primary
      start: 0
      end: 27
